exports[`test should not render actions and groups for non admin 1`] = `
<tr>
  <td
    className="thin nowrap">
    <Connect(Avatar)
      hash="7daf6c79d4802916d83f6266e24850af"
      size={36} />
  </td>
  <td
    className="nowrap text-middle">
    <strong>
      John Doe
    </strong>
  </td>
</tr>
`;

exports[`test should render actions and groups for admin 1`] = `
<tr>
  <td
    className="thin nowrap">
    <Connect(Avatar)
      hash=""
      size={36} />
  </td>
  <td
    className="nowrap text-middle">
    <strong>
      Admin Istrator
    </strong>
  </td>
  <td
    className="text-right text-middle">
    organization.members.x_group(s).3
  </td>
  <td
    className="nowrap text-middle text-right">
    <div
      className="dropdown">
      <button
        className="dropdown-toggle little-spacer-right"
        data-toggle="dropdown">
        <i
          className="icon-edit" />
         
        <i
          className="icon-dropdown" />
      </button>
      <ul
        className="dropdown-menu dropdown-menu-right">
        <li>
          <RemoveMemberForm
            member={
              Object {
                "avatar": "",
                "groupCount": 3,
                "login": "admin",
                "name": "Admin Istrator",
              }
            }
            organization={
              Object {
                "canAdmin": true,
                "key": "foo",
                "name": "Foo",
              }
            } />
        </li>
      </ul>
    </div>
  </td>
</tr>
`;
